<?xml version="1.0" ?>
<dataset>
    <table name="testDelete">
        <column>id</column>
        <column>row1</column>
        <row>
            <value>2</value>
            <value>row 2 1</value>
        </row>
    </table>
</dataset>
