<?xml version="1.0" ?>
<dataset>
    <deleter id="2" row1="row_1_2" row2="row_2_2" />
</dataset>
