<?xml version="1.0" ?>
<dataset>
    <loader id="1" row1="row_1_1" row2="row_2_1" />
    <loader id="2" row1="new_1_2" row2="new_2_2" />
    <loader id="3" row1="row_1_3" row2="row_2_3" />
    <loader id="4" row1="row_1_4" row2="row_2_4" />
    <loader id="5" row1="row_1_5" row2="row_2_5" />
    <loader id="6" row1="row_1_6" row2="row_2_6" />
</dataset>
